{"level":"warn","ts":"2025-06-30T23:40:17.766Z","caller":"server/config.go:326","msg":"WARNING: insecure default parameter value, change this for production!","param":"console.username"}
{"level":"warn","ts":"2025-06-30T23:40:17.766Z","caller":"server/config.go:330","msg":"WARNING: insecure default parameter value, change this for production!","param":"console.password"}
{"level":"warn","ts":"2025-06-30T23:40:17.766Z","caller":"server/config.go:334","msg":"WARNING: insecure default parameter value, change this for production!","param":"console.signing_key"}
{"level":"warn","ts":"2025-06-30T23:40:17.766Z","caller":"server/config.go:338","msg":"WARNING: insecure default parameter value, change this for production!","param":"socket.server_key"}
{"level":"warn","ts":"2025-06-30T23:40:17.766Z","caller":"server/config.go:342","msg":"WARNING: insecure default parameter value, change this for production!","param":"session.encryption_key"}
{"level":"warn","ts":"2025-06-30T23:40:17.766Z","caller":"server/config.go:346","msg":"WARNING: insecure default parameter value, change this for production!","param":"session.refresh_encryption_key"}
{"level":"warn","ts":"2025-06-30T23:40:17.766Z","caller":"server/config.go:350","msg":"WARNING: insecure default parameter value, change this for production!","param":"runtime.http_key"}
{"level":"error","ts":"2025-06-30T23:40:17.854Z","caller":"server/runtime_lua.go:2259","msg":"Could not complete runtime invocation","error":"data/modules/main.lua:61: attempt to call a non-function object\nstack traceback:\n\tdata/modules/main.lua:61: in main chunk\n\t[G]: ?"}
{"level":"error","ts":"2025-06-30T23:40:17.854Z","caller":"server/runtime.go:663","msg":"Error initialising Lua runtime provider","error":"data/modules/main.lua:61: attempt to call a non-function object\nstack traceback:\n\tdata/modules/main.lua:61: in main chunk\n\t[G]: ?"}
{"level":"fatal","ts":"2025-06-30T23:40:17.854Z","caller":"main.go:191","msg":"Failed initializing runtime modules","error":"data/modules/main.lua:61: attempt to call a non-function object\nstack traceback:\n\tdata/modules/main.lua:61: in main chunk\n\t[G]: ?"}
{"level":"warn","ts":"2025-06-30T23:40:18.285Z","caller":"server/config.go:326","msg":"WARNING: insecure default parameter value, change this for production!","param":"console.username"}
{"level":"warn","ts":"2025-06-30T23:40:18.285Z","caller":"server/config.go:330","msg":"WARNING: insecure default parameter value, change this for production!","param":"console.password"}
{"level":"warn","ts":"2025-06-30T23:40:18.285Z","caller":"server/config.go:334","msg":"WARNING: insecure default parameter value, change this for production!","param":"console.signing_key"}
{"level":"warn","ts":"2025-06-30T23:40:18.285Z","caller":"server/config.go:338","msg":"WARNING: insecure default parameter value, change this for production!","param":"socket.server_key"}
{"level":"warn","ts":"2025-06-30T23:40:18.285Z","caller":"server/config.go:342","msg":"WARNING: insecure default parameter value, change this for production!","param":"session.encryption_key"}
{"level":"warn","ts":"2025-06-30T23:40:18.285Z","caller":"server/config.go:346","msg":"WARNING: insecure default parameter value, change this for production!","param":"session.refresh_encryption_key"}
{"level":"warn","ts":"2025-06-30T23:40:18.285Z","caller":"server/config.go:350","msg":"WARNING: insecure default parameter value, change this for production!","param":"runtime.http_key"}
{"level":"error","ts":"2025-06-30T23:40:18.347Z","caller":"server/runtime_lua.go:2259","msg":"Could not complete runtime invocation","error":"data/modules/main.lua:61: attempt to call a non-function object\nstack traceback:\n\tdata/modules/main.lua:61: in main chunk\n\t[G]: ?"}
{"level":"error","ts":"2025-06-30T23:40:18.347Z","caller":"server/runtime.go:663","msg":"Error initialising Lua runtime provider","error":"data/modules/main.lua:61: attempt to call a non-function object\nstack traceback:\n\tdata/modules/main.lua:61: in main chunk\n\t[G]: ?"}
{"level":"fatal","ts":"2025-06-30T23:40:18.347Z","caller":"main.go:191","msg":"Failed initializing runtime modules","error":"data/modules/main.lua:61: attempt to call a non-function object\nstack traceback:\n\tdata/modules/main.lua:61: in main chunk\n\t[G]: ?"}
{"level":"warn","ts":"2025-06-30T23:40:18.848Z","caller":"server/config.go:326","msg":"WARNING: insecure default parameter value, change this for production!","param":"console.username"}
{"level":"warn","ts":"2025-06-30T23:40:18.848Z","caller":"server/config.go:330","msg":"WARNING: insecure default parameter value, change this for production!","param":"console.password"}
{"level":"warn","ts":"2025-06-30T23:40:18.848Z","caller":"server/config.go:334","msg":"WARNING: insecure default parameter value, change this for production!","param":"console.signing_key"}
{"level":"warn","ts":"2025-06-30T23:40:18.848Z","caller":"server/config.go:338","msg":"WARNING: insecure default parameter value, change this for production!","param":"socket.server_key"}
{"level":"warn","ts":"2025-06-30T23:40:18.848Z","caller":"server/config.go:342","msg":"WARNING: insecure default parameter value, change this for production!","param":"session.encryption_key"}
{"level":"warn","ts":"2025-06-30T23:40:18.848Z","caller":"server/config.go:346","msg":"WARNING: insecure default parameter value, change this for production!","param":"session.refresh_encryption_key"}
{"level":"warn","ts":"2025-06-30T23:40:18.848Z","caller":"server/config.go:350","msg":"WARNING: insecure default parameter value, change this for production!","param":"runtime.http_key"}
{"level":"error","ts":"2025-06-30T23:40:18.910Z","caller":"server/runtime_lua.go:2259","msg":"Could not complete runtime invocation","error":"data/modules/main.lua:61: attempt to call a non-function object\nstack traceback:\n\tdata/modules/main.lua:61: in main chunk\n\t[G]: ?"}
{"level":"error","ts":"2025-06-30T23:40:18.910Z","caller":"server/runtime.go:663","msg":"Error initialising Lua runtime provider","error":"data/modules/main.lua:61: attempt to call a non-function object\nstack traceback:\n\tdata/modules/main.lua:61: in main chunk\n\t[G]: ?"}
{"level":"fatal","ts":"2025-06-30T23:40:18.910Z","caller":"main.go:191","msg":"Failed initializing runtime modules","error":"data/modules/main.lua:61: attempt to call a non-function object\nstack traceback:\n\tdata/modules/main.lua:61: in main chunk\n\t[G]: ?"}
{"level":"warn","ts":"2025-06-30T23:40:19.594Z","caller":"server/config.go:326","msg":"WARNING: insecure default parameter value, change this for production!","param":"console.username"}
{"level":"warn","ts":"2025-06-30T23:40:19.594Z","caller":"server/config.go:330","msg":"WARNING: insecure default parameter value, change this for production!","param":"console.password"}
{"level":"warn","ts":"2025-06-30T23:40:19.594Z","caller":"server/config.go:334","msg":"WARNING: insecure default parameter value, change this for production!","param":"console.signing_key"}
{"level":"warn","ts":"2025-06-30T23:40:19.594Z","caller":"server/config.go:338","msg":"WARNING: insecure default parameter value, change this for production!","param":"socket.server_key"}
{"level":"warn","ts":"2025-06-30T23:40:19.594Z","caller":"server/config.go:342","msg":"WARNING: insecure default parameter value, change this for production!","param":"session.encryption_key"}
{"level":"warn","ts":"2025-06-30T23:40:19.594Z","caller":"server/config.go:346","msg":"WARNING: insecure default parameter value, change this for production!","param":"session.refresh_encryption_key"}
{"level":"warn","ts":"2025-06-30T23:40:19.594Z","caller":"server/config.go:350","msg":"WARNING: insecure default parameter value, change this for production!","param":"runtime.http_key"}
{"level":"error","ts":"2025-06-30T23:40:19.661Z","caller":"server/runtime_lua.go:2259","msg":"Could not complete runtime invocation","error":"data/modules/main.lua:61: attempt to call a non-function object\nstack traceback:\n\tdata/modules/main.lua:61: in main chunk\n\t[G]: ?"}
{"level":"error","ts":"2025-06-30T23:40:19.661Z","caller":"server/runtime.go:663","msg":"Error initialising Lua runtime provider","error":"data/modules/main.lua:61: attempt to call a non-function object\nstack traceback:\n\tdata/modules/main.lua:61: in main chunk\n\t[G]: ?"}
{"level":"fatal","ts":"2025-06-30T23:40:19.661Z","caller":"main.go:191","msg":"Failed initializing runtime modules","error":"data/modules/main.lua:61: attempt to call a non-function object\nstack traceback:\n\tdata/modules/main.lua:61: in main chunk\n\t[G]: ?"}
{"level":"warn","ts":"2025-06-30T23:40:20.756Z","caller":"server/config.go:326","msg":"WARNING: insecure default parameter value, change this for production!","param":"console.username"}
{"level":"warn","ts":"2025-06-30T23:40:20.756Z","caller":"server/config.go:330","msg":"WARNING: insecure default parameter value, change this for production!","param":"console.password"}
{"level":"warn","ts":"2025-06-30T23:40:20.756Z","caller":"server/config.go:334","msg":"WARNING: insecure default parameter value, change this for production!","param":"console.signing_key"}
{"level":"warn","ts":"2025-06-30T23:40:20.756Z","caller":"server/config.go:338","msg":"WARNING: insecure default parameter value, change this for production!","param":"socket.server_key"}
{"level":"warn","ts":"2025-06-30T23:40:20.756Z","caller":"server/config.go:342","msg":"WARNING: insecure default parameter value, change this for production!","param":"session.encryption_key"}
{"level":"warn","ts":"2025-06-30T23:40:20.756Z","caller":"server/config.go:346","msg":"WARNING: insecure default parameter value, change this for production!","param":"session.refresh_encryption_key"}
{"level":"warn","ts":"2025-06-30T23:40:20.756Z","caller":"server/config.go:350","msg":"WARNING: insecure default parameter value, change this for production!","param":"runtime.http_key"}
{"level":"error","ts":"2025-06-30T23:40:20.818Z","caller":"server/runtime_lua.go:2259","msg":"Could not complete runtime invocation","error":"data/modules/main.lua:61: attempt to call a non-function object\nstack traceback:\n\tdata/modules/main.lua:61: in main chunk\n\t[G]: ?"}
{"level":"error","ts":"2025-06-30T23:40:20.818Z","caller":"server/runtime.go:663","msg":"Error initialising Lua runtime provider","error":"data/modules/main.lua:61: attempt to call a non-function object\nstack traceback:\n\tdata/modules/main.lua:61: in main chunk\n\t[G]: ?"}
{"level":"fatal","ts":"2025-06-30T23:40:20.818Z","caller":"main.go:191","msg":"Failed initializing runtime modules","error":"data/modules/main.lua:61: attempt to call a non-function object\nstack traceback:\n\tdata/modules/main.lua:61: in main chunk\n\t[G]: ?"}
{"level":"warn","ts":"2025-06-30T23:40:22.714Z","caller":"server/config.go:326","msg":"WARNING: insecure default parameter value, change this for production!","param":"console.username"}
{"level":"warn","ts":"2025-06-30T23:40:22.714Z","caller":"server/config.go:330","msg":"WARNING: insecure default parameter value, change this for production!","param":"console.password"}
{"level":"warn","ts":"2025-06-30T23:40:22.715Z","caller":"server/config.go:334","msg":"WARNING: insecure default parameter value, change this for production!","param":"console.signing_key"}
{"level":"warn","ts":"2025-06-30T23:40:22.715Z","caller":"server/config.go:338","msg":"WARNING: insecure default parameter value, change this for production!","param":"socket.server_key"}
{"level":"warn","ts":"2025-06-30T23:40:22.715Z","caller":"server/config.go:342","msg":"WARNING: insecure default parameter value, change this for production!","param":"session.encryption_key"}
{"level":"warn","ts":"2025-06-30T23:40:22.715Z","caller":"server/config.go:346","msg":"WARNING: insecure default parameter value, change this for production!","param":"session.refresh_encryption_key"}
{"level":"warn","ts":"2025-06-30T23:40:22.715Z","caller":"server/config.go:350","msg":"WARNING: insecure default parameter value, change this for production!","param":"runtime.http_key"}
{"level":"error","ts":"2025-06-30T23:40:22.780Z","caller":"server/runtime_lua.go:2259","msg":"Could not complete runtime invocation","error":"data/modules/main.lua:61: attempt to call a non-function object\nstack traceback:\n\tdata/modules/main.lua:61: in main chunk\n\t[G]: ?"}
{"level":"error","ts":"2025-06-30T23:40:22.780Z","caller":"server/runtime.go:663","msg":"Error initialising Lua runtime provider","error":"data/modules/main.lua:61: attempt to call a non-function object\nstack traceback:\n\tdata/modules/main.lua:61: in main chunk\n\t[G]: ?"}
{"level":"fatal","ts":"2025-06-30T23:40:22.780Z","caller":"main.go:191","msg":"Failed initializing runtime modules","error":"data/modules/main.lua:61: attempt to call a non-function object\nstack traceback:\n\tdata/modules/main.lua:61: in main chunk\n\t[G]: ?"}
{"level":"warn","ts":"2025-06-30T23:40:26.293Z","caller":"server/config.go:326","msg":"WARNING: insecure default parameter value, change this for production!","param":"console.username"}
{"level":"warn","ts":"2025-06-30T23:40:26.293Z","caller":"server/config.go:330","msg":"WARNING: insecure default parameter value, change this for production!","param":"console.password"}
{"level":"warn","ts":"2025-06-30T23:40:26.293Z","caller":"server/config.go:334","msg":"WARNING: insecure default parameter value, change this for production!","param":"console.signing_key"}
{"level":"warn","ts":"2025-06-30T23:40:26.293Z","caller":"server/config.go:338","msg":"WARNING: insecure default parameter value, change this for production!","param":"socket.server_key"}
{"level":"warn","ts":"2025-06-30T23:40:26.293Z","caller":"server/config.go:342","msg":"WARNING: insecure default parameter value, change this for production!","param":"session.encryption_key"}
{"level":"warn","ts":"2025-06-30T23:40:26.293Z","caller":"server/config.go:346","msg":"WARNING: insecure default parameter value, change this for production!","param":"session.refresh_encryption_key"}
{"level":"warn","ts":"2025-06-30T23:40:26.293Z","caller":"server/config.go:350","msg":"WARNING: insecure default parameter value, change this for production!","param":"runtime.http_key"}
{"level":"error","ts":"2025-06-30T23:40:26.348Z","caller":"server/runtime_lua.go:2259","msg":"Could not complete runtime invocation","error":"data/modules/main.lua:61: attempt to call a non-function object\nstack traceback:\n\tdata/modules/main.lua:61: in main chunk\n\t[G]: ?"}
{"level":"error","ts":"2025-06-30T23:40:26.348Z","caller":"server/runtime.go:663","msg":"Error initialising Lua runtime provider","error":"data/modules/main.lua:61: attempt to call a non-function object\nstack traceback:\n\tdata/modules/main.lua:61: in main chunk\n\t[G]: ?"}
{"level":"fatal","ts":"2025-06-30T23:40:26.348Z","caller":"main.go:191","msg":"Failed initializing runtime modules","error":"data/modules/main.lua:61: attempt to call a non-function object\nstack traceback:\n\tdata/modules/main.lua:61: in main chunk\n\t[G]: ?"}
{"level":"warn","ts":"2025-06-30T23:40:33.047Z","caller":"server/config.go:326","msg":"WARNING: insecure default parameter value, change this for production!","param":"console.username"}
{"level":"warn","ts":"2025-06-30T23:40:33.047Z","caller":"server/config.go:330","msg":"WARNING: insecure default parameter value, change this for production!","param":"console.password"}
{"level":"warn","ts":"2025-06-30T23:40:33.047Z","caller":"server/config.go:334","msg":"WARNING: insecure default parameter value, change this for production!","param":"console.signing_key"}
{"level":"warn","ts":"2025-06-30T23:40:33.047Z","caller":"server/config.go:338","msg":"WARNING: insecure default parameter value, change this for production!","param":"socket.server_key"}
{"level":"warn","ts":"2025-06-30T23:40:33.047Z","caller":"server/config.go:342","msg":"WARNING: insecure default parameter value, change this for production!","param":"session.encryption_key"}
{"level":"warn","ts":"2025-06-30T23:40:33.047Z","caller":"server/config.go:346","msg":"WARNING: insecure default parameter value, change this for production!","param":"session.refresh_encryption_key"}
{"level":"warn","ts":"2025-06-30T23:40:33.047Z","caller":"server/config.go:350","msg":"WARNING: insecure default parameter value, change this for production!","param":"runtime.http_key"}
{"level":"error","ts":"2025-06-30T23:40:33.104Z","caller":"server/runtime_lua.go:2259","msg":"Could not complete runtime invocation","error":"data/modules/main.lua:61: attempt to call a non-function object\nstack traceback:\n\tdata/modules/main.lua:61: in main chunk\n\t[G]: ?"}
{"level":"error","ts":"2025-06-30T23:40:33.104Z","caller":"server/runtime.go:663","msg":"Error initialising Lua runtime provider","error":"data/modules/main.lua:61: attempt to call a non-function object\nstack traceback:\n\tdata/modules/main.lua:61: in main chunk\n\t[G]: ?"}
{"level":"fatal","ts":"2025-06-30T23:40:33.104Z","caller":"main.go:191","msg":"Failed initializing runtime modules","error":"data/modules/main.lua:61: attempt to call a non-function object\nstack traceback:\n\tdata/modules/main.lua:61: in main chunk\n\t[G]: ?"}
{"level":"warn","ts":"2025-06-30T23:41:45.939Z","caller":"server/config.go:326","msg":"WARNING: insecure default parameter value, change this for production!","param":"console.username"}
{"level":"warn","ts":"2025-06-30T23:41:45.939Z","caller":"server/config.go:330","msg":"WARNING: insecure default parameter value, change this for production!","param":"console.password"}
{"level":"warn","ts":"2025-06-30T23:41:45.939Z","caller":"server/config.go:334","msg":"WARNING: insecure default parameter value, change this for production!","param":"console.signing_key"}
{"level":"warn","ts":"2025-06-30T23:41:45.939Z","caller":"server/config.go:338","msg":"WARNING: insecure default parameter value, change this for production!","param":"socket.server_key"}
{"level":"warn","ts":"2025-06-30T23:41:45.939Z","caller":"server/config.go:342","msg":"WARNING: insecure default parameter value, change this for production!","param":"session.encryption_key"}
{"level":"warn","ts":"2025-06-30T23:41:45.939Z","caller":"server/config.go:346","msg":"WARNING: insecure default parameter value, change this for production!","param":"session.refresh_encryption_key"}
{"level":"warn","ts":"2025-06-30T23:41:45.939Z","caller":"server/config.go:350","msg":"WARNING: insecure default parameter value, change this for production!","param":"runtime.http_key"}
{"level":"error","ts":"2025-06-30T23:41:45.952Z","caller":"server/runtime_lua.go:2259","msg":"Could not complete runtime invocation","error":"data/modules/main_full.lua:61: attempt to call a non-function object\nstack traceback:\n\tdata/modules/main_full.lua:61: in main chunk\n\t[G]: ?"}
{"level":"error","ts":"2025-06-30T23:41:45.952Z","caller":"server/runtime.go:663","msg":"Error initialising Lua runtime provider","error":"data/modules/main_full.lua:61: attempt to call a non-function object\nstack traceback:\n\tdata/modules/main_full.lua:61: in main chunk\n\t[G]: ?"}
{"level":"fatal","ts":"2025-06-30T23:41:45.953Z","caller":"main.go:191","msg":"Failed initializing runtime modules","error":"data/modules/main_full.lua:61: attempt to call a non-function object\nstack traceback:\n\tdata/modules/main_full.lua:61: in main chunk\n\t[G]: ?"}
{"level":"warn","ts":"2025-06-30T23:41:46.326Z","caller":"server/config.go:326","msg":"WARNING: insecure default parameter value, change this for production!","param":"console.username"}
{"level":"warn","ts":"2025-06-30T23:41:46.326Z","caller":"server/config.go:330","msg":"WARNING: insecure default parameter value, change this for production!","param":"console.password"}
{"level":"warn","ts":"2025-06-30T23:41:46.326Z","caller":"server/config.go:334","msg":"WARNING: insecure default parameter value, change this for production!","param":"console.signing_key"}
{"level":"warn","ts":"2025-06-30T23:41:46.326Z","caller":"server/config.go:338","msg":"WARNING: insecure default parameter value, change this for production!","param":"socket.server_key"}
{"level":"warn","ts":"2025-06-30T23:41:46.326Z","caller":"server/config.go:342","msg":"WARNING: insecure default parameter value, change this for production!","param":"session.encryption_key"}
{"level":"warn","ts":"2025-06-30T23:41:46.326Z","caller":"server/config.go:346","msg":"WARNING: insecure default parameter value, change this for production!","param":"session.refresh_encryption_key"}
{"level":"warn","ts":"2025-06-30T23:41:46.326Z","caller":"server/config.go:350","msg":"WARNING: insecure default parameter value, change this for production!","param":"runtime.http_key"}
{"level":"error","ts":"2025-06-30T23:41:46.340Z","caller":"server/runtime_lua.go:2259","msg":"Could not complete runtime invocation","error":"data/modules/main_full.lua:61: attempt to call a non-function object\nstack traceback:\n\tdata/modules/main_full.lua:61: in main chunk\n\t[G]: ?"}
{"level":"error","ts":"2025-06-30T23:41:46.340Z","caller":"server/runtime.go:663","msg":"Error initialising Lua runtime provider","error":"data/modules/main_full.lua:61: attempt to call a non-function object\nstack traceback:\n\tdata/modules/main_full.lua:61: in main chunk\n\t[G]: ?"}
{"level":"fatal","ts":"2025-06-30T23:41:46.340Z","caller":"main.go:191","msg":"Failed initializing runtime modules","error":"data/modules/main_full.lua:61: attempt to call a non-function object\nstack traceback:\n\tdata/modules/main_full.lua:61: in main chunk\n\t[G]: ?"}
{"level":"warn","ts":"2025-06-30T23:41:46.781Z","caller":"server/config.go:326","msg":"WARNING: insecure default parameter value, change this for production!","param":"console.username"}
{"level":"warn","ts":"2025-06-30T23:41:46.781Z","caller":"server/config.go:330","msg":"WARNING: insecure default parameter value, change this for production!","param":"console.password"}
{"level":"warn","ts":"2025-06-30T23:41:46.781Z","caller":"server/config.go:334","msg":"WARNING: insecure default parameter value, change this for production!","param":"console.signing_key"}
{"level":"warn","ts":"2025-06-30T23:41:46.781Z","caller":"server/config.go:338","msg":"WARNING: insecure default parameter value, change this for production!","param":"socket.server_key"}
{"level":"warn","ts":"2025-06-30T23:41:46.781Z","caller":"server/config.go:342","msg":"WARNING: insecure default parameter value, change this for production!","param":"session.encryption_key"}
{"level":"warn","ts":"2025-06-30T23:41:46.781Z","caller":"server/config.go:346","msg":"WARNING: insecure default parameter value, change this for production!","param":"session.refresh_encryption_key"}
{"level":"warn","ts":"2025-06-30T23:41:46.781Z","caller":"server/config.go:350","msg":"WARNING: insecure default parameter value, change this for production!","param":"runtime.http_key"}
{"level":"error","ts":"2025-06-30T23:41:46.795Z","caller":"server/runtime_lua.go:2259","msg":"Could not complete runtime invocation","error":"data/modules/main_full.lua:61: attempt to call a non-function object\nstack traceback:\n\tdata/modules/main_full.lua:61: in main chunk\n\t[G]: ?"}
{"level":"error","ts":"2025-06-30T23:41:46.795Z","caller":"server/runtime.go:663","msg":"Error initialising Lua runtime provider","error":"data/modules/main_full.lua:61: attempt to call a non-function object\nstack traceback:\n\tdata/modules/main_full.lua:61: in main chunk\n\t[G]: ?"}
{"level":"fatal","ts":"2025-06-30T23:41:46.795Z","caller":"main.go:191","msg":"Failed initializing runtime modules","error":"data/modules/main_full.lua:61: attempt to call a non-function object\nstack traceback:\n\tdata/modules/main_full.lua:61: in main chunk\n\t[G]: ?"}
{"level":"warn","ts":"2025-06-30T23:41:47.438Z","caller":"server/config.go:326","msg":"WARNING: insecure default parameter value, change this for production!","param":"console.username"}
{"level":"warn","ts":"2025-06-30T23:41:47.438Z","caller":"server/config.go:330","msg":"WARNING: insecure default parameter value, change this for production!","param":"console.password"}
{"level":"warn","ts":"2025-06-30T23:41:47.438Z","caller":"server/config.go:334","msg":"WARNING: insecure default parameter value, change this for production!","param":"console.signing_key"}
{"level":"warn","ts":"2025-06-30T23:41:47.438Z","caller":"server/config.go:338","msg":"WARNING: insecure default parameter value, change this for production!","param":"socket.server_key"}
{"level":"warn","ts":"2025-06-30T23:41:47.438Z","caller":"server/config.go:342","msg":"WARNING: insecure default parameter value, change this for production!","param":"session.encryption_key"}
{"level":"warn","ts":"2025-06-30T23:41:47.438Z","caller":"server/config.go:346","msg":"WARNING: insecure default parameter value, change this for production!","param":"session.refresh_encryption_key"}
{"level":"warn","ts":"2025-06-30T23:41:47.438Z","caller":"server/config.go:350","msg":"WARNING: insecure default parameter value, change this for production!","param":"runtime.http_key"}
{"level":"error","ts":"2025-06-30T23:41:47.452Z","caller":"server/runtime_lua.go:2259","msg":"Could not complete runtime invocation","error":"data/modules/main_full.lua:61: attempt to call a non-function object\nstack traceback:\n\tdata/modules/main_full.lua:61: in main chunk\n\t[G]: ?"}
{"level":"error","ts":"2025-06-30T23:41:47.452Z","caller":"server/runtime.go:663","msg":"Error initialising Lua runtime provider","error":"data/modules/main_full.lua:61: attempt to call a non-function object\nstack traceback:\n\tdata/modules/main_full.lua:61: in main chunk\n\t[G]: ?"}
{"level":"fatal","ts":"2025-06-30T23:41:47.452Z","caller":"main.go:191","msg":"Failed initializing runtime modules","error":"data/modules/main_full.lua:61: attempt to call a non-function object\nstack traceback:\n\tdata/modules/main_full.lua:61: in main chunk\n\t[G]: ?"}
{"level":"warn","ts":"2025-06-30T23:41:48.486Z","caller":"server/config.go:326","msg":"WARNING: insecure default parameter value, change this for production!","param":"console.username"}
{"level":"warn","ts":"2025-06-30T23:41:48.486Z","caller":"server/config.go:330","msg":"WARNING: insecure default parameter value, change this for production!","param":"console.password"}
{"level":"warn","ts":"2025-06-30T23:41:48.486Z","caller":"server/config.go:334","msg":"WARNING: insecure default parameter value, change this for production!","param":"console.signing_key"}
{"level":"warn","ts":"2025-06-30T23:41:48.486Z","caller":"server/config.go:338","msg":"WARNING: insecure default parameter value, change this for production!","param":"socket.server_key"}
{"level":"warn","ts":"2025-06-30T23:41:48.486Z","caller":"server/config.go:342","msg":"WARNING: insecure default parameter value, change this for production!","param":"session.encryption_key"}
{"level":"warn","ts":"2025-06-30T23:41:48.486Z","caller":"server/config.go:346","msg":"WARNING: insecure default parameter value, change this for production!","param":"session.refresh_encryption_key"}
{"level":"warn","ts":"2025-06-30T23:41:48.486Z","caller":"server/config.go:350","msg":"WARNING: insecure default parameter value, change this for production!","param":"runtime.http_key"}
{"level":"error","ts":"2025-06-30T23:41:48.500Z","caller":"server/runtime_lua.go:2259","msg":"Could not complete runtime invocation","error":"data/modules/main_full.lua:61: attempt to call a non-function object\nstack traceback:\n\tdata/modules/main_full.lua:61: in main chunk\n\t[G]: ?"}
{"level":"error","ts":"2025-06-30T23:41:48.500Z","caller":"server/runtime.go:663","msg":"Error initialising Lua runtime provider","error":"data/modules/main_full.lua:61: attempt to call a non-function object\nstack traceback:\n\tdata/modules/main_full.lua:61: in main chunk\n\t[G]: ?"}
{"level":"fatal","ts":"2025-06-30T23:41:48.500Z","caller":"main.go:191","msg":"Failed initializing runtime modules","error":"data/modules/main_full.lua:61: attempt to call a non-function object\nstack traceback:\n\tdata/modules/main_full.lua:61: in main chunk\n\t[G]: ?"}
{"level":"warn","ts":"2025-06-30T23:41:50.328Z","caller":"server/config.go:326","msg":"WARNING: insecure default parameter value, change this for production!","param":"console.username"}
{"level":"warn","ts":"2025-06-30T23:41:50.328Z","caller":"server/config.go:330","msg":"WARNING: insecure default parameter value, change this for production!","param":"console.password"}
{"level":"warn","ts":"2025-06-30T23:41:50.328Z","caller":"server/config.go:334","msg":"WARNING: insecure default parameter value, change this for production!","param":"console.signing_key"}
{"level":"warn","ts":"2025-06-30T23:41:50.328Z","caller":"server/config.go:338","msg":"WARNING: insecure default parameter value, change this for production!","param":"socket.server_key"}
{"level":"warn","ts":"2025-06-30T23:41:50.328Z","caller":"server/config.go:342","msg":"WARNING: insecure default parameter value, change this for production!","param":"session.encryption_key"}
{"level":"warn","ts":"2025-06-30T23:41:50.328Z","caller":"server/config.go:346","msg":"WARNING: insecure default parameter value, change this for production!","param":"session.refresh_encryption_key"}
{"level":"warn","ts":"2025-06-30T23:41:50.328Z","caller":"server/config.go:350","msg":"WARNING: insecure default parameter value, change this for production!","param":"runtime.http_key"}
{"level":"error","ts":"2025-06-30T23:41:50.341Z","caller":"server/runtime_lua.go:2259","msg":"Could not complete runtime invocation","error":"data/modules/main_full.lua:61: attempt to call a non-function object\nstack traceback:\n\tdata/modules/main_full.lua:61: in main chunk\n\t[G]: ?"}
{"level":"error","ts":"2025-06-30T23:41:50.341Z","caller":"server/runtime.go:663","msg":"Error initialising Lua runtime provider","error":"data/modules/main_full.lua:61: attempt to call a non-function object\nstack traceback:\n\tdata/modules/main_full.lua:61: in main chunk\n\t[G]: ?"}
{"level":"fatal","ts":"2025-06-30T23:41:50.341Z","caller":"main.go:191","msg":"Failed initializing runtime modules","error":"data/modules/main_full.lua:61: attempt to call a non-function object\nstack traceback:\n\tdata/modules/main_full.lua:61: in main chunk\n\t[G]: ?"}
{"level":"warn","ts":"2025-06-30T23:41:53.770Z","caller":"server/config.go:326","msg":"WARNING: insecure default parameter value, change this for production!","param":"console.username"}
{"level":"warn","ts":"2025-06-30T23:41:53.770Z","caller":"server/config.go:330","msg":"WARNING: insecure default parameter value, change this for production!","param":"console.password"}
{"level":"warn","ts":"2025-06-30T23:41:53.770Z","caller":"server/config.go:334","msg":"WARNING: insecure default parameter value, change this for production!","param":"console.signing_key"}
{"level":"warn","ts":"2025-06-30T23:41:53.770Z","caller":"server/config.go:338","msg":"WARNING: insecure default parameter value, change this for production!","param":"socket.server_key"}
{"level":"warn","ts":"2025-06-30T23:41:53.770Z","caller":"server/config.go:342","msg":"WARNING: insecure default parameter value, change this for production!","param":"session.encryption_key"}
{"level":"warn","ts":"2025-06-30T23:41:53.770Z","caller":"server/config.go:346","msg":"WARNING: insecure default parameter value, change this for production!","param":"session.refresh_encryption_key"}
{"level":"warn","ts":"2025-06-30T23:41:53.770Z","caller":"server/config.go:350","msg":"WARNING: insecure default parameter value, change this for production!","param":"runtime.http_key"}
{"level":"error","ts":"2025-06-30T23:41:53.784Z","caller":"server/runtime_lua.go:2259","msg":"Could not complete runtime invocation","error":"data/modules/main_full.lua:61: attempt to call a non-function object\nstack traceback:\n\tdata/modules/main_full.lua:61: in main chunk\n\t[G]: ?"}
{"level":"error","ts":"2025-06-30T23:41:53.784Z","caller":"server/runtime.go:663","msg":"Error initialising Lua runtime provider","error":"data/modules/main_full.lua:61: attempt to call a non-function object\nstack traceback:\n\tdata/modules/main_full.lua:61: in main chunk\n\t[G]: ?"}
{"level":"fatal","ts":"2025-06-30T23:41:53.784Z","caller":"main.go:191","msg":"Failed initializing runtime modules","error":"data/modules/main_full.lua:61: attempt to call a non-function object\nstack traceback:\n\tdata/modules/main_full.lua:61: in main chunk\n\t[G]: ?"}
{"level":"warn","ts":"2025-06-30T23:42:00.429Z","caller":"server/config.go:326","msg":"WARNING: insecure default parameter value, change this for production!","param":"console.username"}
{"level":"warn","ts":"2025-06-30T23:42:00.429Z","caller":"server/config.go:330","msg":"WARNING: insecure default parameter value, change this for production!","param":"console.password"}
{"level":"warn","ts":"2025-06-30T23:42:00.429Z","caller":"server/config.go:334","msg":"WARNING: insecure default parameter value, change this for production!","param":"console.signing_key"}
{"level":"warn","ts":"2025-06-30T23:42:00.429Z","caller":"server/config.go:338","msg":"WARNING: insecure default parameter value, change this for production!","param":"socket.server_key"}
{"level":"warn","ts":"2025-06-30T23:42:00.429Z","caller":"server/config.go:342","msg":"WARNING: insecure default parameter value, change this for production!","param":"session.encryption_key"}
{"level":"warn","ts":"2025-06-30T23:42:00.429Z","caller":"server/config.go:346","msg":"WARNING: insecure default parameter value, change this for production!","param":"session.refresh_encryption_key"}
{"level":"warn","ts":"2025-06-30T23:42:00.429Z","caller":"server/config.go:350","msg":"WARNING: insecure default parameter value, change this for production!","param":"runtime.http_key"}
{"level":"error","ts":"2025-06-30T23:42:00.443Z","caller":"server/runtime_lua.go:2259","msg":"Could not complete runtime invocation","error":"data/modules/main_full.lua:61: attempt to call a non-function object\nstack traceback:\n\tdata/modules/main_full.lua:61: in main chunk\n\t[G]: ?"}
{"level":"error","ts":"2025-06-30T23:42:00.443Z","caller":"server/runtime.go:663","msg":"Error initialising Lua runtime provider","error":"data/modules/main_full.lua:61: attempt to call a non-function object\nstack traceback:\n\tdata/modules/main_full.lua:61: in main chunk\n\t[G]: ?"}
{"level":"fatal","ts":"2025-06-30T23:42:00.443Z","caller":"main.go:191","msg":"Failed initializing runtime modules","error":"data/modules/main_full.lua:61: attempt to call a non-function object\nstack traceback:\n\tdata/modules/main_full.lua:61: in main chunk\n\t[G]: ?"}
{"level":"warn","ts":"2025-06-30T23:42:13.488Z","caller":"server/config.go:326","msg":"WARNING: insecure default parameter value, change this for production!","param":"console.username"}
{"level":"warn","ts":"2025-06-30T23:42:13.488Z","caller":"server/config.go:330","msg":"WARNING: insecure default parameter value, change this for production!","param":"console.password"}
{"level":"warn","ts":"2025-06-30T23:42:13.488Z","caller":"server/config.go:334","msg":"WARNING: insecure default parameter value, change this for production!","param":"console.signing_key"}
{"level":"warn","ts":"2025-06-30T23:42:13.488Z","caller":"server/config.go:338","msg":"WARNING: insecure default parameter value, change this for production!","param":"socket.server_key"}
{"level":"warn","ts":"2025-06-30T23:42:13.488Z","caller":"server/config.go:342","msg":"WARNING: insecure default parameter value, change this for production!","param":"session.encryption_key"}
{"level":"warn","ts":"2025-06-30T23:42:13.488Z","caller":"server/config.go:346","msg":"WARNING: insecure default parameter value, change this for production!","param":"session.refresh_encryption_key"}
{"level":"warn","ts":"2025-06-30T23:42:13.488Z","caller":"server/config.go:350","msg":"WARNING: insecure default parameter value, change this for production!","param":"runtime.http_key"}
{"level":"error","ts":"2025-06-30T23:42:13.501Z","caller":"server/runtime_lua.go:2259","msg":"Could not complete runtime invocation","error":"data/modules/main_full.lua:61: attempt to call a non-function object\nstack traceback:\n\tdata/modules/main_full.lua:61: in main chunk\n\t[G]: ?"}
{"level":"error","ts":"2025-06-30T23:42:13.501Z","caller":"server/runtime.go:663","msg":"Error initialising Lua runtime provider","error":"data/modules/main_full.lua:61: attempt to call a non-function object\nstack traceback:\n\tdata/modules/main_full.lua:61: in main chunk\n\t[G]: ?"}
{"level":"fatal","ts":"2025-06-30T23:42:13.501Z","caller":"main.go:191","msg":"Failed initializing runtime modules","error":"data/modules/main_full.lua:61: attempt to call a non-function object\nstack traceback:\n\tdata/modules/main_full.lua:61: in main chunk\n\t[G]: ?"}
{"level":"warn","ts":"2025-06-30T23:42:34.923Z","caller":"server/config.go:326","msg":"WARNING: insecure default parameter value, change this for production!","param":"console.username"}
{"level":"warn","ts":"2025-06-30T23:42:34.923Z","caller":"server/config.go:330","msg":"WARNING: insecure default parameter value, change this for production!","param":"console.password"}
{"level":"warn","ts":"2025-06-30T23:42:34.923Z","caller":"server/config.go:334","msg":"WARNING: insecure default parameter value, change this for production!","param":"console.signing_key"}
{"level":"warn","ts":"2025-06-30T23:42:34.923Z","caller":"server/config.go:338","msg":"WARNING: insecure default parameter value, change this for production!","param":"socket.server_key"}
{"level":"warn","ts":"2025-06-30T23:42:34.923Z","caller":"server/config.go:342","msg":"WARNING: insecure default parameter value, change this for production!","param":"session.encryption_key"}
{"level":"warn","ts":"2025-06-30T23:42:34.923Z","caller":"server/config.go:346","msg":"WARNING: insecure default parameter value, change this for production!","param":"session.refresh_encryption_key"}
{"level":"warn","ts":"2025-06-30T23:42:34.923Z","caller":"server/config.go:350","msg":"WARNING: insecure default parameter value, change this for production!","param":"runtime.http_key"}
{"level":"warn","ts":"2025-06-30T23:43:29.006Z","caller":"server/config.go:326","msg":"WARNING: insecure default parameter value, change this for production!","param":"console.username"}
{"level":"warn","ts":"2025-06-30T23:43:29.006Z","caller":"server/config.go:330","msg":"WARNING: insecure default parameter value, change this for production!","param":"console.password"}
{"level":"warn","ts":"2025-06-30T23:43:29.006Z","caller":"server/config.go:334","msg":"WARNING: insecure default parameter value, change this for production!","param":"console.signing_key"}
{"level":"warn","ts":"2025-06-30T23:43:29.006Z","caller":"server/config.go:338","msg":"WARNING: insecure default parameter value, change this for production!","param":"socket.server_key"}
{"level":"warn","ts":"2025-06-30T23:43:29.006Z","caller":"server/config.go:342","msg":"WARNING: insecure default parameter value, change this for production!","param":"session.encryption_key"}
{"level":"warn","ts":"2025-06-30T23:43:29.006Z","caller":"server/config.go:346","msg":"WARNING: insecure default parameter value, change this for production!","param":"session.refresh_encryption_key"}
{"level":"warn","ts":"2025-06-30T23:43:29.006Z","caller":"server/config.go:350","msg":"WARNING: insecure default parameter value, change this for production!","param":"runtime.http_key"}
{"level":"warn","ts":"2025-06-30T23:44:34.228Z","caller":"server/config.go:326","msg":"WARNING: insecure default parameter value, change this for production!","param":"console.username"}
{"level":"warn","ts":"2025-06-30T23:44:34.228Z","caller":"server/config.go:330","msg":"WARNING: insecure default parameter value, change this for production!","param":"console.password"}
{"level":"warn","ts":"2025-06-30T23:44:34.228Z","caller":"server/config.go:334","msg":"WARNING: insecure default parameter value, change this for production!","param":"console.signing_key"}
{"level":"warn","ts":"2025-06-30T23:44:34.228Z","caller":"server/config.go:338","msg":"WARNING: insecure default parameter value, change this for production!","param":"socket.server_key"}
{"level":"warn","ts":"2025-06-30T23:44:34.228Z","caller":"server/config.go:342","msg":"WARNING: insecure default parameter value, change this for production!","param":"session.encryption_key"}
{"level":"warn","ts":"2025-06-30T23:44:34.228Z","caller":"server/config.go:346","msg":"WARNING: insecure default parameter value, change this for production!","param":"session.refresh_encryption_key"}
{"level":"warn","ts":"2025-06-30T23:44:34.228Z","caller":"server/config.go:350","msg":"WARNING: insecure default parameter value, change this for production!","param":"runtime.http_key"}
{"level":"error","ts":"2025-06-30T23:44:34.241Z","caller":"server/runtime_lua.go:2259","msg":"Could not complete runtime invocation","error":"data/modules/main.lua:50: attempt to call a non-function object\nstack traceback:\n\tdata/modules/main.lua:50: in main chunk\n\t[G]: ?"}
{"level":"error","ts":"2025-06-30T23:44:34.241Z","caller":"server/runtime.go:663","msg":"Error initialising Lua runtime provider","error":"data/modules/main.lua:50: attempt to call a non-function object\nstack traceback:\n\tdata/modules/main.lua:50: in main chunk\n\t[G]: ?"}
{"level":"fatal","ts":"2025-06-30T23:44:34.241Z","caller":"main.go:191","msg":"Failed initializing runtime modules","error":"data/modules/main.lua:50: attempt to call a non-function object\nstack traceback:\n\tdata/modules/main.lua:50: in main chunk\n\t[G]: ?"}
{"level":"warn","ts":"2025-06-30T23:44:34.611Z","caller":"server/config.go:326","msg":"WARNING: insecure default parameter value, change this for production!","param":"console.username"}
{"level":"warn","ts":"2025-06-30T23:44:34.611Z","caller":"server/config.go:330","msg":"WARNING: insecure default parameter value, change this for production!","param":"console.password"}
{"level":"warn","ts":"2025-06-30T23:44:34.611Z","caller":"server/config.go:334","msg":"WARNING: insecure default parameter value, change this for production!","param":"console.signing_key"}
{"level":"warn","ts":"2025-06-30T23:44:34.611Z","caller":"server/config.go:338","msg":"WARNING: insecure default parameter value, change this for production!","param":"socket.server_key"}
{"level":"warn","ts":"2025-06-30T23:44:34.611Z","caller":"server/config.go:342","msg":"WARNING: insecure default parameter value, change this for production!","param":"session.encryption_key"}
{"level":"warn","ts":"2025-06-30T23:44:34.612Z","caller":"server/config.go:346","msg":"WARNING: insecure default parameter value, change this for production!","param":"session.refresh_encryption_key"}
{"level":"warn","ts":"2025-06-30T23:44:34.612Z","caller":"server/config.go:350","msg":"WARNING: insecure default parameter value, change this for production!","param":"runtime.http_key"}
{"level":"error","ts":"2025-06-30T23:44:34.625Z","caller":"server/runtime_lua.go:2259","msg":"Could not complete runtime invocation","error":"data/modules/main.lua:50: attempt to call a non-function object\nstack traceback:\n\tdata/modules/main.lua:50: in main chunk\n\t[G]: ?"}
{"level":"error","ts":"2025-06-30T23:44:34.625Z","caller":"server/runtime.go:663","msg":"Error initialising Lua runtime provider","error":"data/modules/main.lua:50: attempt to call a non-function object\nstack traceback:\n\tdata/modules/main.lua:50: in main chunk\n\t[G]: ?"}
{"level":"fatal","ts":"2025-06-30T23:44:34.625Z","caller":"main.go:191","msg":"Failed initializing runtime modules","error":"data/modules/main.lua:50: attempt to call a non-function object\nstack traceback:\n\tdata/modules/main.lua:50: in main chunk\n\t[G]: ?"}
{"level":"warn","ts":"2025-06-30T23:44:35.051Z","caller":"server/config.go:326","msg":"WARNING: insecure default parameter value, change this for production!","param":"console.username"}
{"level":"warn","ts":"2025-06-30T23:44:35.051Z","caller":"server/config.go:330","msg":"WARNING: insecure default parameter value, change this for production!","param":"console.password"}
{"level":"warn","ts":"2025-06-30T23:44:35.051Z","caller":"server/config.go:334","msg":"WARNING: insecure default parameter value, change this for production!","param":"console.signing_key"}
{"level":"warn","ts":"2025-06-30T23:44:35.051Z","caller":"server/config.go:338","msg":"WARNING: insecure default parameter value, change this for production!","param":"socket.server_key"}
{"level":"warn","ts":"2025-06-30T23:44:35.051Z","caller":"server/config.go:342","msg":"WARNING: insecure default parameter value, change this for production!","param":"session.encryption_key"}
{"level":"warn","ts":"2025-06-30T23:44:35.051Z","caller":"server/config.go:346","msg":"WARNING: insecure default parameter value, change this for production!","param":"session.refresh_encryption_key"}
{"level":"warn","ts":"2025-06-30T23:44:35.051Z","caller":"server/config.go:350","msg":"WARNING: insecure default parameter value, change this for production!","param":"runtime.http_key"}
{"level":"error","ts":"2025-06-30T23:44:35.065Z","caller":"server/runtime_lua.go:2259","msg":"Could not complete runtime invocation","error":"data/modules/main.lua:50: attempt to call a non-function object\nstack traceback:\n\tdata/modules/main.lua:50: in main chunk\n\t[G]: ?"}
{"level":"error","ts":"2025-06-30T23:44:35.065Z","caller":"server/runtime.go:663","msg":"Error initialising Lua runtime provider","error":"data/modules/main.lua:50: attempt to call a non-function object\nstack traceback:\n\tdata/modules/main.lua:50: in main chunk\n\t[G]: ?"}
{"level":"fatal","ts":"2025-06-30T23:44:35.065Z","caller":"main.go:191","msg":"Failed initializing runtime modules","error":"data/modules/main.lua:50: attempt to call a non-function object\nstack traceback:\n\tdata/modules/main.lua:50: in main chunk\n\t[G]: ?"}
{"level":"warn","ts":"2025-06-30T23:44:35.686Z","caller":"server/config.go:326","msg":"WARNING: insecure default parameter value, change this for production!","param":"console.username"}
{"level":"warn","ts":"2025-06-30T23:44:35.686Z","caller":"server/config.go:330","msg":"WARNING: insecure default parameter value, change this for production!","param":"console.password"}
{"level":"warn","ts":"2025-06-30T23:44:35.686Z","caller":"server/config.go:334","msg":"WARNING: insecure default parameter value, change this for production!","param":"console.signing_key"}
{"level":"warn","ts":"2025-06-30T23:44:35.686Z","caller":"server/config.go:338","msg":"WARNING: insecure default parameter value, change this for production!","param":"socket.server_key"}
{"level":"warn","ts":"2025-06-30T23:44:35.686Z","caller":"server/config.go:342","msg":"WARNING: insecure default parameter value, change this for production!","param":"session.encryption_key"}
{"level":"warn","ts":"2025-06-30T23:44:35.686Z","caller":"server/config.go:346","msg":"WARNING: insecure default parameter value, change this for production!","param":"session.refresh_encryption_key"}
{"level":"warn","ts":"2025-06-30T23:44:35.686Z","caller":"server/config.go:350","msg":"WARNING: insecure default parameter value, change this for production!","param":"runtime.http_key"}
{"level":"error","ts":"2025-06-30T23:44:35.701Z","caller":"server/runtime_lua.go:2259","msg":"Could not complete runtime invocation","error":"data/modules/main.lua:50: attempt to call a non-function object\nstack traceback:\n\tdata/modules/main.lua:50: in main chunk\n\t[G]: ?"}
{"level":"error","ts":"2025-06-30T23:44:35.701Z","caller":"server/runtime.go:663","msg":"Error initialising Lua runtime provider","error":"data/modules/main.lua:50: attempt to call a non-function object\nstack traceback:\n\tdata/modules/main.lua:50: in main chunk\n\t[G]: ?"}
{"level":"fatal","ts":"2025-06-30T23:44:35.701Z","caller":"main.go:191","msg":"Failed initializing runtime modules","error":"data/modules/main.lua:50: attempt to call a non-function object\nstack traceback:\n\tdata/modules/main.lua:50: in main chunk\n\t[G]: ?"}
{"level":"warn","ts":"2025-06-30T23:44:36.738Z","caller":"server/config.go:326","msg":"WARNING: insecure default parameter value, change this for production!","param":"console.username"}
{"level":"warn","ts":"2025-06-30T23:44:36.738Z","caller":"server/config.go:330","msg":"WARNING: insecure default parameter value, change this for production!","param":"console.password"}
{"level":"warn","ts":"2025-06-30T23:44:36.738Z","caller":"server/config.go:334","msg":"WARNING: insecure default parameter value, change this for production!","param":"console.signing_key"}
{"level":"warn","ts":"2025-06-30T23:44:36.738Z","caller":"server/config.go:338","msg":"WARNING: insecure default parameter value, change this for production!","param":"socket.server_key"}
{"level":"warn","ts":"2025-06-30T23:44:36.738Z","caller":"server/config.go:342","msg":"WARNING: insecure default parameter value, change this for production!","param":"session.encryption_key"}
{"level":"warn","ts":"2025-06-30T23:44:36.738Z","caller":"server/config.go:346","msg":"WARNING: insecure default parameter value, change this for production!","param":"session.refresh_encryption_key"}
{"level":"warn","ts":"2025-06-30T23:44:36.738Z","caller":"server/config.go:350","msg":"WARNING: insecure default parameter value, change this for production!","param":"runtime.http_key"}
{"level":"error","ts":"2025-06-30T23:44:36.752Z","caller":"server/runtime_lua.go:2259","msg":"Could not complete runtime invocation","error":"data/modules/main.lua:50: attempt to call a non-function object\nstack traceback:\n\tdata/modules/main.lua:50: in main chunk\n\t[G]: ?"}
{"level":"error","ts":"2025-06-30T23:44:36.752Z","caller":"server/runtime.go:663","msg":"Error initialising Lua runtime provider","error":"data/modules/main.lua:50: attempt to call a non-function object\nstack traceback:\n\tdata/modules/main.lua:50: in main chunk\n\t[G]: ?"}
{"level":"fatal","ts":"2025-06-30T23:44:36.752Z","caller":"main.go:191","msg":"Failed initializing runtime modules","error":"data/modules/main.lua:50: attempt to call a non-function object\nstack traceback:\n\tdata/modules/main.lua:50: in main chunk\n\t[G]: ?"}
{"level":"warn","ts":"2025-06-30T23:44:38.586Z","caller":"server/config.go:326","msg":"WARNING: insecure default parameter value, change this for production!","param":"console.username"}
{"level":"warn","ts":"2025-06-30T23:44:38.586Z","caller":"server/config.go:330","msg":"WARNING: insecure default parameter value, change this for production!","param":"console.password"}
{"level":"warn","ts":"2025-06-30T23:44:38.586Z","caller":"server/config.go:334","msg":"WARNING: insecure default parameter value, change this for production!","param":"console.signing_key"}
{"level":"warn","ts":"2025-06-30T23:44:38.586Z","caller":"server/config.go:338","msg":"WARNING: insecure default parameter value, change this for production!","param":"socket.server_key"}
{"level":"warn","ts":"2025-06-30T23:44:38.586Z","caller":"server/config.go:342","msg":"WARNING: insecure default parameter value, change this for production!","param":"session.encryption_key"}
{"level":"warn","ts":"2025-06-30T23:44:38.586Z","caller":"server/config.go:346","msg":"WARNING: insecure default parameter value, change this for production!","param":"session.refresh_encryption_key"}
{"level":"warn","ts":"2025-06-30T23:44:38.586Z","caller":"server/config.go:350","msg":"WARNING: insecure default parameter value, change this for production!","param":"runtime.http_key"}
{"level":"error","ts":"2025-06-30T23:44:38.599Z","caller":"server/runtime_lua.go:2259","msg":"Could not complete runtime invocation","error":"data/modules/main.lua:50: attempt to call a non-function object\nstack traceback:\n\tdata/modules/main.lua:50: in main chunk\n\t[G]: ?"}
{"level":"error","ts":"2025-06-30T23:44:38.600Z","caller":"server/runtime.go:663","msg":"Error initialising Lua runtime provider","error":"data/modules/main.lua:50: attempt to call a non-function object\nstack traceback:\n\tdata/modules/main.lua:50: in main chunk\n\t[G]: ?"}
{"level":"fatal","ts":"2025-06-30T23:44:38.600Z","caller":"main.go:191","msg":"Failed initializing runtime modules","error":"data/modules/main.lua:50: attempt to call a non-function object\nstack traceback:\n\tdata/modules/main.lua:50: in main chunk\n\t[G]: ?"}
{"level":"warn","ts":"2025-06-30T23:46:09.347Z","caller":"server/config.go:326","msg":"WARNING: insecure default parameter value, change this for production!","param":"console.username"}
{"level":"warn","ts":"2025-06-30T23:46:09.348Z","caller":"server/config.go:330","msg":"WARNING: insecure default parameter value, change this for production!","param":"console.password"}
{"level":"warn","ts":"2025-06-30T23:46:09.348Z","caller":"server/config.go:334","msg":"WARNING: insecure default parameter value, change this for production!","param":"console.signing_key"}
{"level":"warn","ts":"2025-06-30T23:46:09.348Z","caller":"server/config.go:338","msg":"WARNING: insecure default parameter value, change this for production!","param":"socket.server_key"}
{"level":"warn","ts":"2025-06-30T23:46:09.348Z","caller":"server/config.go:342","msg":"WARNING: insecure default parameter value, change this for production!","param":"session.encryption_key"}
{"level":"warn","ts":"2025-06-30T23:46:09.348Z","caller":"server/config.go:346","msg":"WARNING: insecure default parameter value, change this for production!","param":"session.refresh_encryption_key"}
{"level":"warn","ts":"2025-06-30T23:46:09.348Z","caller":"server/config.go:350","msg":"WARNING: insecure default parameter value, change this for production!","param":"runtime.http_key"}
{"level":"warn","ts":"2025-06-30T23:48:26.067Z","caller":"server/config.go:326","msg":"WARNING: insecure default parameter value, change this for production!","param":"console.username"}
{"level":"warn","ts":"2025-06-30T23:48:26.067Z","caller":"server/config.go:330","msg":"WARNING: insecure default parameter value, change this for production!","param":"console.password"}
{"level":"warn","ts":"2025-06-30T23:48:26.067Z","caller":"server/config.go:334","msg":"WARNING: insecure default parameter value, change this for production!","param":"console.signing_key"}
{"level":"warn","ts":"2025-06-30T23:48:26.067Z","caller":"server/config.go:338","msg":"WARNING: insecure default parameter value, change this for production!","param":"socket.server_key"}
{"level":"warn","ts":"2025-06-30T23:48:26.067Z","caller":"server/config.go:342","msg":"WARNING: insecure default parameter value, change this for production!","param":"session.encryption_key"}
{"level":"warn","ts":"2025-06-30T23:48:26.067Z","caller":"server/config.go:346","msg":"WARNING: insecure default parameter value, change this for production!","param":"session.refresh_encryption_key"}
{"level":"warn","ts":"2025-06-30T23:48:26.067Z","caller":"server/config.go:350","msg":"WARNING: insecure default parameter value, change this for production!","param":"runtime.http_key"}
{"level":"error","ts":"2025-06-30T23:48:26.081Z","caller":"server/runtime_lua.go:2259","msg":"Could not complete runtime invocation","error":"data/modules/main.lua:186: attempt to call a non-function object\nstack traceback:\n\tdata/modules/main.lua:186: in main chunk\n\t[G]: ?"}
{"level":"error","ts":"2025-06-30T23:48:26.081Z","caller":"server/runtime.go:663","msg":"Error initialising Lua runtime provider","error":"data/modules/main.lua:186: attempt to call a non-function object\nstack traceback:\n\tdata/modules/main.lua:186: in main chunk\n\t[G]: ?"}
{"level":"fatal","ts":"2025-06-30T23:48:26.081Z","caller":"main.go:191","msg":"Failed initializing runtime modules","error":"data/modules/main.lua:186: attempt to call a non-function object\nstack traceback:\n\tdata/modules/main.lua:186: in main chunk\n\t[G]: ?"}
{"level":"warn","ts":"2025-06-30T23:48:26.456Z","caller":"server/config.go:326","msg":"WARNING: insecure default parameter value, change this for production!","param":"console.username"}
{"level":"warn","ts":"2025-06-30T23:48:26.456Z","caller":"server/config.go:330","msg":"WARNING: insecure default parameter value, change this for production!","param":"console.password"}
{"level":"warn","ts":"2025-06-30T23:48:26.457Z","caller":"server/config.go:334","msg":"WARNING: insecure default parameter value, change this for production!","param":"console.signing_key"}
{"level":"warn","ts":"2025-06-30T23:48:26.457Z","caller":"server/config.go:338","msg":"WARNING: insecure default parameter value, change this for production!","param":"socket.server_key"}
{"level":"warn","ts":"2025-06-30T23:48:26.457Z","caller":"server/config.go:342","msg":"WARNING: insecure default parameter value, change this for production!","param":"session.encryption_key"}
{"level":"warn","ts":"2025-06-30T23:48:26.457Z","caller":"server/config.go:346","msg":"WARNING: insecure default parameter value, change this for production!","param":"session.refresh_encryption_key"}
{"level":"warn","ts":"2025-06-30T23:48:26.457Z","caller":"server/config.go:350","msg":"WARNING: insecure default parameter value, change this for production!","param":"runtime.http_key"}
{"level":"error","ts":"2025-06-30T23:48:26.470Z","caller":"server/runtime_lua.go:2259","msg":"Could not complete runtime invocation","error":"data/modules/main.lua:186: attempt to call a non-function object\nstack traceback:\n\tdata/modules/main.lua:186: in main chunk\n\t[G]: ?"}
{"level":"error","ts":"2025-06-30T23:48:26.470Z","caller":"server/runtime.go:663","msg":"Error initialising Lua runtime provider","error":"data/modules/main.lua:186: attempt to call a non-function object\nstack traceback:\n\tdata/modules/main.lua:186: in main chunk\n\t[G]: ?"}
{"level":"fatal","ts":"2025-06-30T23:48:26.470Z","caller":"main.go:191","msg":"Failed initializing runtime modules","error":"data/modules/main.lua:186: attempt to call a non-function object\nstack traceback:\n\tdata/modules/main.lua:186: in main chunk\n\t[G]: ?"}
{"level":"warn","ts":"2025-06-30T23:48:26.905Z","caller":"server/config.go:326","msg":"WARNING: insecure default parameter value, change this for production!","param":"console.username"}
{"level":"warn","ts":"2025-06-30T23:48:26.905Z","caller":"server/config.go:330","msg":"WARNING: insecure default parameter value, change this for production!","param":"console.password"}
{"level":"warn","ts":"2025-06-30T23:48:26.905Z","caller":"server/config.go:334","msg":"WARNING: insecure default parameter value, change this for production!","param":"console.signing_key"}
{"level":"warn","ts":"2025-06-30T23:48:26.905Z","caller":"server/config.go:338","msg":"WARNING: insecure default parameter value, change this for production!","param":"socket.server_key"}
{"level":"warn","ts":"2025-06-30T23:48:26.905Z","caller":"server/config.go:342","msg":"WARNING: insecure default parameter value, change this for production!","param":"session.encryption_key"}
{"level":"warn","ts":"2025-06-30T23:48:26.905Z","caller":"server/config.go:346","msg":"WARNING: insecure default parameter value, change this for production!","param":"session.refresh_encryption_key"}
{"level":"warn","ts":"2025-06-30T23:48:26.905Z","caller":"server/config.go:350","msg":"WARNING: insecure default parameter value, change this for production!","param":"runtime.http_key"}
{"level":"error","ts":"2025-06-30T23:48:26.918Z","caller":"server/runtime_lua.go:2259","msg":"Could not complete runtime invocation","error":"data/modules/main.lua:186: attempt to call a non-function object\nstack traceback:\n\tdata/modules/main.lua:186: in main chunk\n\t[G]: ?"}
{"level":"error","ts":"2025-06-30T23:48:26.918Z","caller":"server/runtime.go:663","msg":"Error initialising Lua runtime provider","error":"data/modules/main.lua:186: attempt to call a non-function object\nstack traceback:\n\tdata/modules/main.lua:186: in main chunk\n\t[G]: ?"}
{"level":"fatal","ts":"2025-06-30T23:48:26.918Z","caller":"main.go:191","msg":"Failed initializing runtime modules","error":"data/modules/main.lua:186: attempt to call a non-function object\nstack traceback:\n\tdata/modules/main.lua:186: in main chunk\n\t[G]: ?"}
{"level":"warn","ts":"2025-06-30T23:48:27.562Z","caller":"server/config.go:326","msg":"WARNING: insecure default parameter value, change this for production!","param":"console.username"}
{"level":"warn","ts":"2025-06-30T23:48:27.562Z","caller":"server/config.go:330","msg":"WARNING: insecure default parameter value, change this for production!","param":"console.password"}
{"level":"warn","ts":"2025-06-30T23:48:27.562Z","caller":"server/config.go:334","msg":"WARNING: insecure default parameter value, change this for production!","param":"console.signing_key"}
{"level":"warn","ts":"2025-06-30T23:48:27.562Z","caller":"server/config.go:338","msg":"WARNING: insecure default parameter value, change this for production!","param":"socket.server_key"}
{"level":"warn","ts":"2025-06-30T23:48:27.562Z","caller":"server/config.go:342","msg":"WARNING: insecure default parameter value, change this for production!","param":"session.encryption_key"}
{"level":"warn","ts":"2025-06-30T23:48:27.562Z","caller":"server/config.go:346","msg":"WARNING: insecure default parameter value, change this for production!","param":"session.refresh_encryption_key"}
{"level":"warn","ts":"2025-06-30T23:48:27.562Z","caller":"server/config.go:350","msg":"WARNING: insecure default parameter value, change this for production!","param":"runtime.http_key"}
{"level":"error","ts":"2025-06-30T23:48:27.576Z","caller":"server/runtime_lua.go:2259","msg":"Could not complete runtime invocation","error":"data/modules/main.lua:186: attempt to call a non-function object\nstack traceback:\n\tdata/modules/main.lua:186: in main chunk\n\t[G]: ?"}
{"level":"error","ts":"2025-06-30T23:48:27.576Z","caller":"server/runtime.go:663","msg":"Error initialising Lua runtime provider","error":"data/modules/main.lua:186: attempt to call a non-function object\nstack traceback:\n\tdata/modules/main.lua:186: in main chunk\n\t[G]: ?"}
{"level":"fatal","ts":"2025-06-30T23:48:27.576Z","caller":"main.go:191","msg":"Failed initializing runtime modules","error":"data/modules/main.lua:186: attempt to call a non-function object\nstack traceback:\n\tdata/modules/main.lua:186: in main chunk\n\t[G]: ?"}
{"level":"warn","ts":"2025-06-30T23:48:28.608Z","caller":"server/config.go:326","msg":"WARNING: insecure default parameter value, change this for production!","param":"console.username"}
{"level":"warn","ts":"2025-06-30T23:48:28.608Z","caller":"server/config.go:330","msg":"WARNING: insecure default parameter value, change this for production!","param":"console.password"}
{"level":"warn","ts":"2025-06-30T23:48:28.608Z","caller":"server/config.go:334","msg":"WARNING: insecure default parameter value, change this for production!","param":"console.signing_key"}
{"level":"warn","ts":"2025-06-30T23:48:28.608Z","caller":"server/config.go:338","msg":"WARNING: insecure default parameter value, change this for production!","param":"socket.server_key"}
{"level":"warn","ts":"2025-06-30T23:48:28.608Z","caller":"server/config.go:342","msg":"WARNING: insecure default parameter value, change this for production!","param":"session.encryption_key"}
{"level":"warn","ts":"2025-06-30T23:48:28.608Z","caller":"server/config.go:346","msg":"WARNING: insecure default parameter value, change this for production!","param":"session.refresh_encryption_key"}
{"level":"warn","ts":"2025-06-30T23:48:28.608Z","caller":"server/config.go:350","msg":"WARNING: insecure default parameter value, change this for production!","param":"runtime.http_key"}
{"level":"error","ts":"2025-06-30T23:48:28.622Z","caller":"server/runtime_lua.go:2259","msg":"Could not complete runtime invocation","error":"data/modules/main.lua:186: attempt to call a non-function object\nstack traceback:\n\tdata/modules/main.lua:186: in main chunk\n\t[G]: ?"}
{"level":"error","ts":"2025-06-30T23:48:28.622Z","caller":"server/runtime.go:663","msg":"Error initialising Lua runtime provider","error":"data/modules/main.lua:186: attempt to call a non-function object\nstack traceback:\n\tdata/modules/main.lua:186: in main chunk\n\t[G]: ?"}
{"level":"fatal","ts":"2025-06-30T23:48:28.622Z","caller":"main.go:191","msg":"Failed initializing runtime modules","error":"data/modules/main.lua:186: attempt to call a non-function object\nstack traceback:\n\tdata/modules/main.lua:186: in main chunk\n\t[G]: ?"}
{"level":"warn","ts":"2025-06-30T23:48:30.461Z","caller":"server/config.go:326","msg":"WARNING: insecure default parameter value, change this for production!","param":"console.username"}
{"level":"warn","ts":"2025-06-30T23:48:30.462Z","caller":"server/config.go:330","msg":"WARNING: insecure default parameter value, change this for production!","param":"console.password"}
{"level":"warn","ts":"2025-06-30T23:48:30.462Z","caller":"server/config.go:334","msg":"WARNING: insecure default parameter value, change this for production!","param":"console.signing_key"}
{"level":"warn","ts":"2025-06-30T23:48:30.462Z","caller":"server/config.go:338","msg":"WARNING: insecure default parameter value, change this for production!","param":"socket.server_key"}
{"level":"warn","ts":"2025-06-30T23:48:30.462Z","caller":"server/config.go:342","msg":"WARNING: insecure default parameter value, change this for production!","param":"session.encryption_key"}
{"level":"warn","ts":"2025-06-30T23:48:30.462Z","caller":"server/config.go:346","msg":"WARNING: insecure default parameter value, change this for production!","param":"session.refresh_encryption_key"}
{"level":"warn","ts":"2025-06-30T23:48:30.462Z","caller":"server/config.go:350","msg":"WARNING: insecure default parameter value, change this for production!","param":"runtime.http_key"}
{"level":"error","ts":"2025-06-30T23:48:30.477Z","caller":"server/runtime_lua.go:2259","msg":"Could not complete runtime invocation","error":"data/modules/main.lua:186: attempt to call a non-function object\nstack traceback:\n\tdata/modules/main.lua:186: in main chunk\n\t[G]: ?"}
{"level":"error","ts":"2025-06-30T23:48:30.477Z","caller":"server/runtime.go:663","msg":"Error initialising Lua runtime provider","error":"data/modules/main.lua:186: attempt to call a non-function object\nstack traceback:\n\tdata/modules/main.lua:186: in main chunk\n\t[G]: ?"}
{"level":"fatal","ts":"2025-06-30T23:48:30.477Z","caller":"main.go:191","msg":"Failed initializing runtime modules","error":"data/modules/main.lua:186: attempt to call a non-function object\nstack traceback:\n\tdata/modules/main.lua:186: in main chunk\n\t[G]: ?"}
{"level":"warn","ts":"2025-06-30T23:50:12.477Z","caller":"server/config.go:326","msg":"WARNING: insecure default parameter value, change this for production!","param":"console.username"}
{"level":"warn","ts":"2025-06-30T23:50:12.477Z","caller":"server/config.go:330","msg":"WARNING: insecure default parameter value, change this for production!","param":"console.password"}
{"level":"warn","ts":"2025-06-30T23:50:12.477Z","caller":"server/config.go:334","msg":"WARNING: insecure default parameter value, change this for production!","param":"console.signing_key"}
{"level":"warn","ts":"2025-06-30T23:50:12.477Z","caller":"server/config.go:338","msg":"WARNING: insecure default parameter value, change this for production!","param":"socket.server_key"}
{"level":"warn","ts":"2025-06-30T23:50:12.477Z","caller":"server/config.go:342","msg":"WARNING: insecure default parameter value, change this for production!","param":"session.encryption_key"}
{"level":"warn","ts":"2025-06-30T23:50:12.477Z","caller":"server/config.go:346","msg":"WARNING: insecure default parameter value, change this for production!","param":"session.refresh_encryption_key"}
{"level":"warn","ts":"2025-06-30T23:50:12.477Z","caller":"server/config.go:350","msg":"WARNING: insecure default parameter value, change this for production!","param":"runtime.http_key"}
{"level":"warn","ts":"2025-06-30T23:50:39.016Z","caller":"server/config.go:326","msg":"WARNING: insecure default parameter value, change this for production!","param":"console.username"}
{"level":"warn","ts":"2025-06-30T23:50:39.016Z","caller":"server/config.go:330","msg":"WARNING: insecure default parameter value, change this for production!","param":"console.password"}
{"level":"warn","ts":"2025-06-30T23:50:39.016Z","caller":"server/config.go:334","msg":"WARNING: insecure default parameter value, change this for production!","param":"console.signing_key"}
{"level":"warn","ts":"2025-06-30T23:50:39.016Z","caller":"server/config.go:338","msg":"WARNING: insecure default parameter value, change this for production!","param":"socket.server_key"}
{"level":"warn","ts":"2025-06-30T23:50:39.016Z","caller":"server/config.go:342","msg":"WARNING: insecure default parameter value, change this for production!","param":"session.encryption_key"}
{"level":"warn","ts":"2025-06-30T23:50:39.016Z","caller":"server/config.go:346","msg":"WARNING: insecure default parameter value, change this for production!","param":"session.refresh_encryption_key"}
{"level":"warn","ts":"2025-06-30T23:50:39.016Z","caller":"server/config.go:350","msg":"WARNING: insecure default parameter value, change this for production!","param":"runtime.http_key"}
